../Core/Src/main.c:232:5:main	8	static
../Core/Src/main.c:302:6:SystemClock_Config	88	static
../Core/Src/main.c:349:13:MX_LPUART1_UART_Init	8	static
../Core/Src/main.c:396:13:MX_TIM1_Init	120	static
../Core/Src/main.c:482:13:MX_TIM3_Init	56	static
../Core/Src/main.c:531:13:MX_TIM4_Init	40	static
../Core/Src/main.c:576:13:MX_TIM5_Init	40	static
../Core/Src/main.c:621:13:MX_GPIO_Init	48	static
../Core/Src/main.c:693:6:HAL_TIM_PeriodElapsedCallback	24	static
../Core/Src/main.c:749:10:micros	12	static
../Core/Src/main.c:754:6:QEIEncoderPosVel_Update	8	static
../Core/Src/main.c:836:7:KalmanFilter	64	static
../Core/Src/main.c:883:6:Kalman_Start	8	static
../Core/Src/main.c:937:6:Error_Handler	4	static,ignoring_inline_asm
